// Jest Snapshot v1, https://goo.gl/fbAQLP

exports[`Test Review component will check the date 1`] = `
Object {
  "createdAt": Any<Date>,
}
`;
